SyntaxError
NameError
TypeError
ValueError
IndentationError
AttributeError
